// Jest Snapshot v1, https://goo.gl/fbAQLP

exports[`<Headline /> renders correctly 1`] = `
initialize {
  "0": Object {
    "attribs": Object {
      "class": "makeStyles-categoryWrapper-1",
    },
    "children": Array [
      Object {
        "attribs": Object {
          "class": "MuiChip-root makeStyles-chip-2 MuiChip-clickable",
          "role": "button",
          "tabindex": "0",
        },
        "children": Array [
          Object {
            "attribs": Object {
              "class": "MuiChip-label",
            },
            "children": Array [
              Object {
                "data": "Sports",
                "next": null,
                "parent": [Circular],
                "prev": null,
                "type": "text",
              },
            ],
            "name": "span",
            "namespace": "http://www.w3.org/1999/xhtml",
            "next": null,
            "parent": [Circular],
            "prev": null,
            "type": "tag",
            "x-attribsNamespace": Object {
              "class": undefined,
            },
            "x-attribsPrefix": Object {
              "class": undefined,
            },
          },
        ],
        "name": "div",
        "namespace": "http://www.w3.org/1999/xhtml",
        "next": Object {
          "attribs": Object {
            "class": "MuiChip-root makeStyles-chip-2 MuiChip-clickable",
            "role": "button",
            "tabindex": "0",
          },
          "children": Array [
            Object {
              "attribs": Object {
                "class": "MuiChip-label",
              },
              "children": Array [
                Object {
                  "data": "Tech",
                  "next": null,
                  "parent": [Circular],
                  "prev": null,
                  "type": "text",
                },
              ],
              "name": "span",
              "namespace": "http://www.w3.org/1999/xhtml",
              "next": null,
              "parent": [Circular],
              "prev": null,
              "type": "tag",
              "x-attribsNamespace": Object {
                "class": undefined,
              },
              "x-attribsPrefix": Object {
                "class": undefined,
              },
            },
          ],
          "name": "div",
          "namespace": "http://www.w3.org/1999/xhtml",
          "next": null,
          "parent": [Circular],
          "prev": [Circular],
          "type": "tag",
          "x-attribsNamespace": Object {
            "class": undefined,
            "role": undefined,
            "tabindex": undefined,
          },
          "x-attribsPrefix": Object {
            "class": undefined,
            "role": undefined,
            "tabindex": undefined,
          },
        },
        "parent": [Circular],
        "prev": null,
        "type": "tag",
        "x-attribsNamespace": Object {
          "class": undefined,
          "role": undefined,
          "tabindex": undefined,
        },
        "x-attribsPrefix": Object {
          "class": undefined,
          "role": undefined,
          "tabindex": undefined,
        },
      },
      Object {
        "attribs": Object {
          "class": "MuiChip-root makeStyles-chip-2 MuiChip-clickable",
          "role": "button",
          "tabindex": "0",
        },
        "children": Array [
          Object {
            "attribs": Object {
              "class": "MuiChip-label",
            },
            "children": Array [
              Object {
                "data": "Tech",
                "next": null,
                "parent": [Circular],
                "prev": null,
                "type": "text",
              },
            ],
            "name": "span",
            "namespace": "http://www.w3.org/1999/xhtml",
            "next": null,
            "parent": [Circular],
            "prev": null,
            "type": "tag",
            "x-attribsNamespace": Object {
              "class": undefined,
            },
            "x-attribsPrefix": Object {
              "class": undefined,
            },
          },
        ],
        "name": "div",
        "namespace": "http://www.w3.org/1999/xhtml",
        "next": null,
        "parent": [Circular],
        "prev": Object {
          "attribs": Object {
            "class": "MuiChip-root makeStyles-chip-2 MuiChip-clickable",
            "role": "button",
            "tabindex": "0",
          },
          "children": Array [
            Object {
              "attribs": Object {
                "class": "MuiChip-label",
              },
              "children": Array [
                Object {
                  "data": "Sports",
                  "next": null,
                  "parent": [Circular],
                  "prev": null,
                  "type": "text",
                },
              ],
              "name": "span",
              "namespace": "http://www.w3.org/1999/xhtml",
              "next": null,
              "parent": [Circular],
              "prev": null,
              "type": "tag",
              "x-attribsNamespace": Object {
                "class": undefined,
              },
              "x-attribsPrefix": Object {
                "class": undefined,
              },
            },
          ],
          "name": "div",
          "namespace": "http://www.w3.org/1999/xhtml",
          "next": [Circular],
          "parent": [Circular],
          "prev": null,
          "type": "tag",
          "x-attribsNamespace": Object {
            "class": undefined,
            "role": undefined,
            "tabindex": undefined,
          },
          "x-attribsPrefix": Object {
            "class": undefined,
            "role": undefined,
            "tabindex": undefined,
          },
        },
        "type": "tag",
        "x-attribsNamespace": Object {
          "class": undefined,
          "role": undefined,
          "tabindex": undefined,
        },
        "x-attribsPrefix": Object {
          "class": undefined,
          "role": undefined,
          "tabindex": undefined,
        },
      },
    ],
    "name": "div",
    "namespace": "http://www.w3.org/1999/xhtml",
    "next": null,
    "parent": null,
    "prev": null,
    "root": Object {
      "attribs": Object {},
      "children": Array [
        [Circular],
      ],
      "name": "root",
      "namespace": "http://www.w3.org/1999/xhtml",
      "next": null,
      "parent": null,
      "prev": null,
      "type": "root",
      "x-attribsNamespace": Object {},
      "x-attribsPrefix": Object {},
    },
    "type": "tag",
    "x-attribsNamespace": Object {
      "class": undefined,
    },
    "x-attribsPrefix": Object {
      "class": undefined,
    },
  },
  "_root": [Circular],
  "length": 1,
  "options": Object {
    "decodeEntities": true,
    "normalizeWhitespace": false,
    "withDomLvl1": true,
    "xml": false,
  },
}
`;
